<span class="mtkw">·‌·‌·‌·‌</span><span class="mtk2">[</span><span style="unicode-bidi:isolate" class="mtk3">"🖨️ چاپ فاکتور"</span><span class="mtk2">,</span><span style="unicode-bidi:isolate" class="mtk3">"🎨 تنظیمات"</span><span class="mtk2">]</span>